// Jest Snapshot v1, https://goo.gl/fbAQLP

exports[`Info should match snapshot 1`] = `undefined`;
