// Jest Snapshot v1, https://goo.gl/fbAQLP

exports[`App should match snapshot 1`] = `
ShallowWrapper {
  Symbol(enzyme.__root__): [Circular],
  Symbol(enzyme.__unrendered__): <App />,
  Symbol(enzyme.__renderer__): Object {
    "batchedUpdates": [Function],
    "getNode": [Function],
    "render": [Function],
    "simulateError": [Function],
    "simulateEvent": [Function],
    "unmount": [Function],
  },
  Symbol(enzyme.__node__): Object {
    "instance": null,
    "key": undefined,
    "nodeType": "host",
    "props": Object {
      "children": Array [
        <Header
          currentDisplay="start"
          currentMountainData={Object {}}
          handleBackButton={[Function]}
        />,
        <Start
          currentLocation={Object {}}
          currentMountain=""
          handleSelectButton={[Function]}
          handleSignIn={[Function]}
        />,
        false,
        false,
        false,
        false,
        false,
        <Footer
          currentDisplay={
            Array [
              "start",
            ]
          }
          handleLogUpdate={[Function]}
          handleSignIn={[Function]}
          handleSignLog={[Function]}
        />,
      ],
      "className": "App",
    },
    "ref": null,
    "rendered": Array [
      Object {
        "instance": null,
        "key": undefined,
        "nodeType": "class",
        "props": Object {
          "currentDisplay": "start",
          "currentMountainData": Object {},
          "handleBackButton": [Function],
        },
        "ref": null,
        "rendered": null,
        "type": [Function],
      },
      Object {
        "instance": null,
        "key": undefined,
        "nodeType": "class",
        "props": Object {
          "currentLocation": Object {},
          "currentMountain": "",
          "handleSelectButton": [Function],
          "handleSignIn": [Function],
        },
        "ref": null,
        "rendered": null,
        "type": [Function],
      },
      false,
      false,
      false,
      false,
      false,
      Object {
        "instance": null,
        "key": undefined,
        "nodeType": "class",
        "props": Object {
          "currentDisplay": Array [
            "start",
          ],
          "handleLogUpdate": [Function],
          "handleSignIn": [Function],
          "handleSignLog": [Function],
        },
        "ref": null,
        "rendered": null,
        "type": [Function],
      },
    ],
    "type": "div",
  },
  Symbol(enzyme.__nodes__): Array [
    Object {
      "instance": null,
      "key": undefined,
      "nodeType": "host",
      "props": Object {
        "children": Array [
          <Header
            currentDisplay="start"
            currentMountainData={Object {}}
            handleBackButton={[Function]}
          />,
          <Start
            currentLocation={Object {}}
            currentMountain=""
            handleSelectButton={[Function]}
            handleSignIn={[Function]}
          />,
          false,
          false,
          false,
          false,
          false,
          <Footer
            currentDisplay={
              Array [
                "start",
              ]
            }
            handleLogUpdate={[Function]}
            handleSignIn={[Function]}
            handleSignLog={[Function]}
          />,
        ],
        "className": "App",
      },
      "ref": null,
      "rendered": Array [
        Object {
          "instance": null,
          "key": undefined,
          "nodeType": "class",
          "props": Object {
            "currentDisplay": "start",
            "currentMountainData": Object {},
            "handleBackButton": [Function],
          },
          "ref": null,
          "rendered": null,
          "type": [Function],
        },
        Object {
          "instance": null,
          "key": undefined,
          "nodeType": "class",
          "props": Object {
            "currentLocation": Object {},
            "currentMountain": "",
            "handleSelectButton": [Function],
            "handleSignIn": [Function],
          },
          "ref": null,
          "rendered": null,
          "type": [Function],
        },
        false,
        false,
        false,
        false,
        false,
        Object {
          "instance": null,
          "key": undefined,
          "nodeType": "class",
          "props": Object {
            "currentDisplay": Array [
              "start",
            ],
            "handleLogUpdate": [Function],
            "handleSignIn": [Function],
            "handleSignLog": [Function],
          },
          "ref": null,
          "rendered": null,
          "type": [Function],
        },
      ],
      "type": "div",
    },
  ],
  Symbol(enzyme.__options__): Object {
    "adapter": ReactSixteenAdapter {
      "options": Object {
        "enableComponentDidUpdateOnSetState": true,
        "lifecycles": Object {
          "componentDidUpdate": Object {
            "onSetState": true,
          },
          "getDerivedStateFromProps": true,
          "getSnapshotBeforeUpdate": true,
          "setState": Object {
            "skipsComponentDidUpdateOnNullish": true,
          },
        },
      },
    },
  },
}
`;
