// Jest Snapshot v1, https://goo.gl/fbAQLP

exports[`HourlyForecast should match snapshot 1`] = `
ShallowWrapper {
  Symbol(enzyme.__root__): [Circular],
  Symbol(enzyme.__unrendered__): <HourlyForecast
    humidity={0.95}
    icon="clear-night"
    precipProbability={0.55}
    summary="Mostly Cloudy"
    temperature={72.8}
    time={1546041600}
    windSpeed={12.39}
  />,
  Symbol(enzyme.__renderer__): Object {
    "batchedUpdates": [Function],
    "getNode": [Function],
    "render": [Function],
    "simulateError": [Function],
    "simulateEvent": [Function],
    "unmount": [Function],
  },
  Symbol(enzyme.__node__): Object {
    "instance": null,
    "key": undefined,
    "nodeType": "host",
    "props": Object {
      "children": Array [
        <h3
          className="time"
        >
          5pm
        </h3>,
        <img
          alt="Mostly Cloudy"
          className="weather-icon"
          src="clear-night.svg"
        />,
        <h3>
          Mostly Cloudy
        </h3>,
        <h3>
          73
           °F
        </h3>,
        <h3>
          Wind: 
          12
           mph
        </h3>,
        <h3>
          Chance of Rain: 
          55%
        </h3>,
        <h3>
          Humidity: 
          95%
        </h3>,
      ],
      "className": "HourlyForecast",
    },
    "ref": null,
    "rendered": Array [
      Object {
        "instance": null,
        "key": undefined,
        "nodeType": "host",
        "props": Object {
          "children": "5pm",
          "className": "time",
        },
        "ref": null,
        "rendered": "5pm",
        "type": "h3",
      },
      Object {
        "instance": null,
        "key": undefined,
        "nodeType": "host",
        "props": Object {
          "alt": "Mostly Cloudy",
          "className": "weather-icon",
          "src": "clear-night.svg",
        },
        "ref": null,
        "rendered": null,
        "type": "img",
      },
      Object {
        "instance": null,
        "key": undefined,
        "nodeType": "host",
        "props": Object {
          "children": "Mostly Cloudy",
        },
        "ref": null,
        "rendered": "Mostly Cloudy",
        "type": "h3",
      },
      Object {
        "instance": null,
        "key": undefined,
        "nodeType": "host",
        "props": Object {
          "children": Array [
            "73",
            " °F",
          ],
        },
        "ref": null,
        "rendered": Array [
          "73",
          " °F",
        ],
        "type": "h3",
      },
      Object {
        "instance": null,
        "key": undefined,
        "nodeType": "host",
        "props": Object {
          "children": Array [
            "Wind: ",
            "12",
            " mph",
          ],
        },
        "ref": null,
        "rendered": Array [
          "Wind: ",
          "12",
          " mph",
        ],
        "type": "h3",
      },
      Object {
        "instance": null,
        "key": undefined,
        "nodeType": "host",
        "props": Object {
          "children": Array [
            "Chance of Rain: ",
            "55%",
          ],
        },
        "ref": null,
        "rendered": Array [
          "Chance of Rain: ",
          "55%",
        ],
        "type": "h3",
      },
      Object {
        "instance": null,
        "key": undefined,
        "nodeType": "host",
        "props": Object {
          "children": Array [
            "Humidity: ",
            "95%",
          ],
        },
        "ref": null,
        "rendered": Array [
          "Humidity: ",
          "95%",
        ],
        "type": "h3",
      },
    ],
    "type": "div",
  },
  Symbol(enzyme.__nodes__): Array [
    Object {
      "instance": null,
      "key": undefined,
      "nodeType": "host",
      "props": Object {
        "children": Array [
          <h3
            className="time"
          >
            5pm
          </h3>,
          <img
            alt="Mostly Cloudy"
            className="weather-icon"
            src="clear-night.svg"
          />,
          <h3>
            Mostly Cloudy
          </h3>,
          <h3>
            73
             °F
          </h3>,
          <h3>
            Wind: 
            12
             mph
          </h3>,
          <h3>
            Chance of Rain: 
            55%
          </h3>,
          <h3>
            Humidity: 
            95%
          </h3>,
        ],
        "className": "HourlyForecast",
      },
      "ref": null,
      "rendered": Array [
        Object {
          "instance": null,
          "key": undefined,
          "nodeType": "host",
          "props": Object {
            "children": "5pm",
            "className": "time",
          },
          "ref": null,
          "rendered": "5pm",
          "type": "h3",
        },
        Object {
          "instance": null,
          "key": undefined,
          "nodeType": "host",
          "props": Object {
            "alt": "Mostly Cloudy",
            "className": "weather-icon",
            "src": "clear-night.svg",
          },
          "ref": null,
          "rendered": null,
          "type": "img",
        },
        Object {
          "instance": null,
          "key": undefined,
          "nodeType": "host",
          "props": Object {
            "children": "Mostly Cloudy",
          },
          "ref": null,
          "rendered": "Mostly Cloudy",
          "type": "h3",
        },
        Object {
          "instance": null,
          "key": undefined,
          "nodeType": "host",
          "props": Object {
            "children": Array [
              "73",
              " °F",
            ],
          },
          "ref": null,
          "rendered": Array [
            "73",
            " °F",
          ],
          "type": "h3",
        },
        Object {
          "instance": null,
          "key": undefined,
          "nodeType": "host",
          "props": Object {
            "children": Array [
              "Wind: ",
              "12",
              " mph",
            ],
          },
          "ref": null,
          "rendered": Array [
            "Wind: ",
            "12",
            " mph",
          ],
          "type": "h3",
        },
        Object {
          "instance": null,
          "key": undefined,
          "nodeType": "host",
          "props": Object {
            "children": Array [
              "Chance of Rain: ",
              "55%",
            ],
          },
          "ref": null,
          "rendered": Array [
            "Chance of Rain: ",
            "55%",
          ],
          "type": "h3",
        },
        Object {
          "instance": null,
          "key": undefined,
          "nodeType": "host",
          "props": Object {
            "children": Array [
              "Humidity: ",
              "95%",
            ],
          },
          "ref": null,
          "rendered": Array [
            "Humidity: ",
            "95%",
          ],
          "type": "h3",
        },
      ],
      "type": "div",
    },
  ],
  Symbol(enzyme.__options__): Object {
    "adapter": ReactSixteenAdapter {
      "options": Object {
        "enableComponentDidUpdateOnSetState": true,
        "lifecycles": Object {
          "componentDidUpdate": Object {
            "onSetState": true,
          },
          "getDerivedStateFromProps": true,
          "getSnapshotBeforeUpdate": true,
          "setState": Object {
            "skipsComponentDidUpdateOnNullish": true,
          },
        },
      },
    },
  },
}
`;
